\BOOKMARK [0][-]{chapter*.2}{\376\377\000L\000i\000s\000t\000\040\000o\000f\000\040\000F\000i\000g\000u\000r\000e\000s}{}% 1
\BOOKMARK [0][-]{chapter*.3}{\376\377\000L\000i\000s\000t\000\040\000o\000f\000\040\000T\000a\000b\000l\000e\000s}{}% 2
\BOOKMARK [0][-]{chapter.1}{\376\377\000I\000n\000t\000r\000o\000d\000u\000c\000t\000i\000o\000n}{}% 3
\BOOKMARK [1][-]{section.1.1}{\376\377\000O\000v\000e\000r\000v\000i\000e\000w}{chapter.1}% 4
\BOOKMARK [1][-]{section.1.2}{\376\377\000B\000a\000c\000k\000g\000r\000o\000u\000n\000d\000?}{chapter.1}% 5
\BOOKMARK [0][-]{chapter.2}{\376\377\000L\000i\000t\000e\000r\000a\000t\000u\000r\000e\000\040\000R\000e\000v\000i\000e\000w}{}% 6
\BOOKMARK [1][-]{section.2.1}{\376\377\000N\000a\000m\000e\000\040\000o\000f\000\040\000S\000u\000b\000s\000e\000c\000t\000i\000o\000n}{chapter.2}% 7
\BOOKMARK [2][-]{subsection.2.1.1}{\376\377\000N\000a\000m\000e\000\040\000o\000f\000\040\000T\000h\000i\000r\000d\000-\000L\000e\000v\000e\000l\000\040\000S\000u\000b\000s\000e\000c\000t\000i\000o\000n}{section.2.1}% 8
\BOOKMARK [3][-]{subsubsection.2.1.1.1}{\376\377\000N\000a\000m\000e\000\040\000o\000f\000\040\000F\000o\000u\000r\000t\000h\000-\000L\000e\000v\000e\000l\000\040\000S\000u\000b\000s\000e\000c\000t\000i\000o\000n}{subsection.2.1.1}% 9
\BOOKMARK [0][-]{chapter.3}{\376\377\000M\000e\000t\000h\000o\000d\000o\000l\000o\000g\000y}{}% 10
\BOOKMARK [1][-]{section.3.1}{\376\377\000N\000a\000m\000e\000\040\000o\000f\000\040\000S\000u\000b\000s\000e\000c\000t\000i\000o\000n}{chapter.3}% 11
\BOOKMARK [1][-]{section.3.2}{\376\377\000N\000a\000m\000e\000\040\000o\000f\000\040\000S\000u\000b\000s\000e\000c\000t\000i\000o\000n}{chapter.3}% 12
\BOOKMARK [2][-]{subsection.3.2.1}{\376\377\000N\000a\000m\000e\000\040\000o\000f\000\040\000T\000h\000i\000r\000d\000-\000L\000e\000v\000e\000l\000\040\000S\000u\000b\000s\000e\000c\000t\000i\000o\000n}{section.3.2}% 13
\BOOKMARK [3][-]{subsubsection.3.2.1.1}{\376\377\000N\000a\000m\000e\000\040\000o\000f\000\040\000F\000o\000u\000r\000t\000h\000-\000L\000e\000v\000e\000l\000\040\000S\000u\000b\000s\000e\000c\000t\000i\000o\000n}{subsection.3.2.1}% 14
\BOOKMARK [0][-]{chapter.4}{\376\377\000F\000i\000n\000d\000i\000n\000g\000s}{}% 15
\BOOKMARK [1][-]{section.4.1}{\376\377\000N\000a\000m\000e\000\040\000o\000f\000\040\000S\000u\000b\000s\000e\000c\000t\000i\000o\000n}{chapter.4}% 16
\BOOKMARK [1][-]{section.4.2}{\376\377\000N\000a\000m\000e\000\040\000o\000f\000\040\000S\000u\000b\000s\000e\000c\000t\000i\000o\000n}{chapter.4}% 17
\BOOKMARK [2][-]{subsection.4.2.1}{\376\377\000N\000a\000m\000e\000\040\000o\000f\000\040\000T\000h\000i\000r\000d\000-\000L\000e\000v\000e\000l\000\040\000S\000u\000b\000s\000e\000c\000t\000i\000o\000n}{section.4.2}% 18
\BOOKMARK [3][-]{subsubsection.4.2.1.1}{\376\377\000N\000a\000m\000e\000\040\000o\000f\000\040\000F\000o\000u\000r\000t\000h\000-\000L\000e\000v\000e\000l\000\040\000S\000u\000b\000s\000e\000c\000t\000i\000o\000n}{subsection.4.2.1}% 19
\BOOKMARK [0][-]{chapter.5}{\376\377\000C\000o\000n\000c\000l\000u\000s\000i\000o\000n}{}% 20
\BOOKMARK [1][-]{section.5.1}{\376\377\000N\000a\000m\000e\000\040\000o\000f\000\040\000S\000u\000b\000s\000e\000c\000t\000i\000o\000n}{chapter.5}% 21
\BOOKMARK [1][-]{section.5.2}{\376\377\000N\000a\000m\000e\000\040\000o\000f\000\040\000S\000u\000b\000s\000e\000c\000t\000i\000o\000n}{chapter.5}% 22
\BOOKMARK [2][-]{subsection.5.2.1}{\376\377\000N\000a\000m\000e\000\040\000o\000f\000\040\000T\000h\000i\000r\000d\000-\000L\000e\000v\000e\000l\000\040\000S\000u\000b\000s\000e\000c\000t\000i\000o\000n}{section.5.2}% 23
\BOOKMARK [3][-]{subsubsection.5.2.1.1}{\376\377\000N\000a\000m\000e\000\040\000o\000f\000\040\000F\000o\000u\000r\000t\000h\000-\000L\000e\000v\000e\000l\000\040\000S\000u\000b\000s\000e\000c\000t\000i\000o\000n}{subsection.5.2.1}% 24
\BOOKMARK [0][-]{chapter*.7}{\376\377\000R\000e\000f\000e\000r\000e\000n\000c\000e\000s}{}% 25
\BOOKMARK [0][-]{appendix.A}{\376\377\000T\000i\000t\000l\000e\000\040\000o\000f\000\040\000A\000p\000p\000e\000n\000d\000i\000x}{}% 26
\BOOKMARK [1][-]{section.A.1}{\376\377\000N\000a\000m\000e\000\040\000o\000f\000\040\000S\000u\000b\000s\000e\000c\000t\000i\000o\000n}{appendix.A}% 27
\BOOKMARK [1][-]{section.A.2}{\376\377\000N\000a\000m\000e\000\040\000o\000f\000\040\000S\000u\000b\000s\000e\000c\000t\000i\000o\000n}{appendix.A}% 28
\BOOKMARK [2][-]{subsection.A.2.1}{\376\377\000N\000a\000m\000e\000\040\000o\000f\000\040\000T\000h\000i\000r\000d\000-\000L\000e\000v\000e\000l\000\040\000S\000u\000b\000s\000e\000c\000t\000i\000o\000n}{section.A.2}% 29
\BOOKMARK [3][-]{subsubsection.A.2.1.1}{\376\377\000N\000a\000m\000e\000\040\000o\000f\000\040\000F\000o\000u\000r\000t\000h\000-\000L\000e\000v\000e\000l\000\040\000S\000u\000b\000s\000e\000c\000t\000i\000o\000n}{subsection.A.2.1}% 30
\BOOKMARK [0][-]{appendix.B}{\376\377\000T\000i\000t\000l\000e\000\040\000o\000f\000\040\000A\000p\000p\000e\000n\000d\000i\000x}{}% 31
\BOOKMARK [1][-]{section.B.1}{\376\377\000N\000a\000m\000e\000\040\000o\000f\000\040\000S\000u\000b\000s\000e\000c\000t\000i\000o\000n}{appendix.B}% 32
\BOOKMARK [1][-]{section.B.2}{\376\377\000N\000a\000m\000e\000\040\000o\000f\000\040\000S\000u\000b\000s\000e\000c\000t\000i\000o\000n}{appendix.B}% 33
\BOOKMARK [2][-]{subsection.B.2.1}{\376\377\000N\000a\000m\000e\000\040\000o\000f\000\040\000T\000h\000i\000r\000d\000-\000L\000e\000v\000e\000l\000\040\000S\000u\000b\000s\000e\000c\000t\000i\000o\000n}{section.B.2}% 34
\BOOKMARK [3][-]{subsubsection.B.2.1.1}{\376\377\000N\000a\000m\000e\000\040\000o\000f\000\040\000F\000o\000u\000r\000t\000h\000-\000L\000e\000v\000e\000l\000\040\000S\000u\000b\000s\000e\000c\000t\000i\000o\000n}{subsection.B.2.1}% 35
